Archive member included because of file (symbol)

c:/winavr-20100110/bin/../lib/gcc/avr/4.3.3/avr5\libgcc.a(_exit.o)
                              c:/winavr-20100110/bin/../lib/gcc/avr/4.3.3/../../../../avr/lib/avr5/crtm32.o (exit)
c:/winavr-20100110/bin/../lib/gcc/avr/4.3.3/avr5\libgcc.a(_copy_data.o)
                              ./app/Game.o (__do_copy_data)
c:/winavr-20100110/bin/../lib/gcc/avr/4.3.3/avr5\libgcc.a(_clear_bss.o)
                              ./app/Game.o (__do_clear_bss)
c:/winavr-20100110/bin/../lib/gcc/avr/4.3.3/../../../../avr/lib/avr5\libc.a(itoa.o)
                              ./ECU_Interface/LCD/lcd.o (itoa)
c:/winavr-20100110/bin/../lib/gcc/avr/4.3.3/../../../../avr/lib/avr5\libc.a(strrev.o)
                              c:/winavr-20100110/bin/../lib/gcc/avr/4.3.3/../../../../avr/lib/avr5\libc.a(itoa.o) (strrev)
c:/winavr-20100110/bin/../lib/gcc/avr/4.3.3/avr5\libgcc.a(_udivmodhi4.o)
                              c:/winavr-20100110/bin/../lib/gcc/avr/4.3.3/../../../../avr/lib/avr5\libc.a(itoa.o) (__udivmodhi4)

Memory Configuration

Name             Origin             Length             Attributes
text             0x00000000         0x00020000         xr
data             0x00800060         0x0000ffa0         rw !x
eeprom           0x00810000         0x00010000         rw !x
fuse             0x00820000         0x00000400         rw !x
lock             0x00830000         0x00000400         rw !x
signature        0x00840000         0x00000400         rw !x
fram             0x00850000         0x00000400         rw !x
*default*        0x00000000         0xffffffff

Linker script and memory map

LOAD c:/winavr-20100110/bin/../lib/gcc/avr/4.3.3/../../../../avr/lib/avr5/crtm32.o
LOAD ./app/Game.o
LOAD ./app/app.o
LOAD ./SOS/SOS.o
LOAD ./MCAL/Timer/Timer_Driver.o
LOAD ./MCAL/DIO/DIO_driver.o
LOAD ./ECU_Interface/keypad/keypad.o
LOAD ./ECU_Interface/LCD/lcd.o
LOAD c:/winavr-20100110/bin/../lib/gcc/avr/4.3.3/avr5\libgcc.a
LOAD c:/winavr-20100110/bin/../lib/gcc/avr/4.3.3/../../../../avr/lib/avr5\libc.a
LOAD c:/winavr-20100110/bin/../lib/gcc/avr/4.3.3/avr5\libgcc.a

.hash
 *(.hash)

.dynsym
 *(.dynsym)

.dynstr
 *(.dynstr)

.gnu.version
 *(.gnu.version)

.gnu.version_d
 *(.gnu.version_d)

.gnu.version_r
 *(.gnu.version_r)

.rel.init
 *(.rel.init)

.rela.init
 *(.rela.init)

.rel.text
 *(.rel.text)
 *(.rel.text.*)
 *(.rel.gnu.linkonce.t*)

.rela.text
 *(.rela.text)
 *(.rela.text.*)
 *(.rela.gnu.linkonce.t*)

.rel.fini
 *(.rel.fini)

.rela.fini
 *(.rela.fini)

.rel.rodata
 *(.rel.rodata)
 *(.rel.rodata.*)
 *(.rel.gnu.linkonce.r*)

.rela.rodata
 *(.rela.rodata)
 *(.rela.rodata.*)
 *(.rela.gnu.linkonce.r*)

.rel.data
 *(.rel.data)
 *(.rel.data.*)
 *(.rel.gnu.linkonce.d*)

.rela.data
 *(.rela.data)
 *(.rela.data.*)
 *(.rela.gnu.linkonce.d*)

.rel.ctors
 *(.rel.ctors)

.rela.ctors
 *(.rela.ctors)

.rel.dtors
 *(.rel.dtors)

.rela.dtors
 *(.rela.dtors)

.rel.got
 *(.rel.got)

.rela.got
 *(.rela.got)

.rel.bss
 *(.rel.bss)

.rela.bss
 *(.rela.bss)

.rel.plt
 *(.rel.plt)

.rela.plt
 *(.rela.plt)

.text           0x00000000     0x2678
 *(.vectors)
 .vectors       0x00000000       0x54 c:/winavr-20100110/bin/../lib/gcc/avr/4.3.3/../../../../avr/lib/avr5/crtm32.o
                0x00000000                __vectors
                0x00000000                __vector_default
 *(.vectors)
 *(.progmem.gcc*)
 *(.progmem*)
                0x00000054                . = ALIGN (0x2)
                0x00000054                __trampolines_start = .
 *(.trampolines)
 .trampolines   0x00000054        0x0 linker stubs
 *(.trampolines*)
                0x00000054                __trampolines_end = .
 *(.jumptables)
 *(.jumptables*)
 *(.lowtext)
 *(.lowtext*)
                0x00000054                __ctors_start = .
 *(.ctors)
                0x00000054                __ctors_end = .
                0x00000054                __dtors_start = .
 *(.dtors)
                0x00000054                __dtors_end = .
 SORT(*)(.ctors)
 SORT(*)(.dtors)
 *(.init0)
 .init0         0x00000054        0x0 c:/winavr-20100110/bin/../lib/gcc/avr/4.3.3/../../../../avr/lib/avr5/crtm32.o
                0x00000054                __init
 *(.init0)
 *(.init1)
 *(.init1)
 *(.init2)
 .init2         0x00000054        0xc c:/winavr-20100110/bin/../lib/gcc/avr/4.3.3/../../../../avr/lib/avr5/crtm32.o
 *(.init2)
 *(.init3)
 *(.init3)
 *(.init4)
 .init4         0x00000060       0x16 c:/winavr-20100110/bin/../lib/gcc/avr/4.3.3/avr5\libgcc.a(_copy_data.o)
                0x00000060                __do_copy_data
 .init4         0x00000076       0x10 c:/winavr-20100110/bin/../lib/gcc/avr/4.3.3/avr5\libgcc.a(_clear_bss.o)
                0x00000076                __do_clear_bss
 *(.init4)
 *(.init5)
 *(.init5)
 *(.init6)
 *(.init6)
 *(.init7)
 *(.init7)
 *(.init8)
 *(.init8)
 *(.init9)
 .init9         0x00000086        0x8 c:/winavr-20100110/bin/../lib/gcc/avr/4.3.3/../../../../avr/lib/avr5/crtm32.o
 *(.init9)
 *(.text)
 .text          0x0000008e        0x4 c:/winavr-20100110/bin/../lib/gcc/avr/4.3.3/../../../../avr/lib/avr5/crtm32.o
                0x0000008e                __vector_1
                0x0000008e                __vector_12
                0x0000008e                __bad_interrupt
                0x0000008e                __vector_6
                0x0000008e                __vector_3
                0x0000008e                __vector_11
                0x0000008e                __vector_13
                0x0000008e                __vector_17
                0x0000008e                __vector_19
                0x0000008e                __vector_7
                0x0000008e                __vector_5
                0x0000008e                __vector_4
                0x0000008e                __vector_9
                0x0000008e                __vector_2
                0x0000008e                __vector_15
                0x0000008e                __vector_8
                0x0000008e                __vector_14
                0x0000008e                __vector_16
                0x0000008e                __vector_18
                0x0000008e                __vector_20
 .text          0x00000092        0x0 ./app/Game.o
 .text          0x00000092        0x0 ./app/app.o
 .text          0x00000092        0x0 ./SOS/SOS.o
 .text          0x00000092        0x0 ./MCAL/Timer/Timer_Driver.o
 .text          0x00000092        0x0 ./MCAL/DIO/DIO_driver.o
 .text          0x00000092        0x0 ./ECU_Interface/keypad/keypad.o
 .text          0x00000092        0x0 ./ECU_Interface/LCD/lcd.o
 .text          0x00000092        0x0 c:/winavr-20100110/bin/../lib/gcc/avr/4.3.3/avr5\libgcc.a(_exit.o)
 .text          0x00000092        0x0 c:/winavr-20100110/bin/../lib/gcc/avr/4.3.3/avr5\libgcc.a(_copy_data.o)
 .text          0x00000092        0x0 c:/winavr-20100110/bin/../lib/gcc/avr/4.3.3/avr5\libgcc.a(_clear_bss.o)
 .text          0x00000092        0x0 c:/winavr-20100110/bin/../lib/gcc/avr/4.3.3/../../../../avr/lib/avr5\libc.a(itoa.o)
 .text          0x00000092        0x0 c:/winavr-20100110/bin/../lib/gcc/avr/4.3.3/../../../../avr/lib/avr5\libc.a(strrev.o)
 .text          0x00000092        0x0 c:/winavr-20100110/bin/../lib/gcc/avr/4.3.3/avr5\libgcc.a(_udivmodhi4.o)
                0x00000092                . = ALIGN (0x2)
 *(.text.*)
 .text.GameRoll
                0x00000092      0x77a ./app/Game.o
                0x00000092                GameRoll
 .text.main     0x0000080c       0x2a ./app/app.o
                0x0000080c                main
 .text.SOS_Init
                0x00000836       0x5e ./SOS/SOS.o
                0x00000836                SOS_Init
 .text.SOS_Create
                0x00000894      0x2cc ./SOS/SOS.o
                0x00000894                SOS_Create
 .text.SOS_Stop
                0x00000b60      0x1ca ./SOS/SOS.o
                0x00000b60                SOS_Stop
 .text.SOS_Schedular
                0x00000d2a      0x280 ./SOS/SOS.o
                0x00000d2a                SOS_Schedular
 .text.__vector_10
                0x00000faa       0xdc ./SOS/SOS.o
                0x00000faa                __vector_10
 .text.Timer_Init
                0x00001086      0x1b4 ./MCAL/Timer/Timer_Driver.o
                0x00001086                Timer_Init
 .text.Timer_Start
                0x0000123a      0x1a6 ./MCAL/Timer/Timer_Driver.o
                0x0000123a                Timer_Start
 .text.Timer_Stop
                0x000013e0       0x7c ./MCAL/Timer/Timer_Driver.o
                0x000013e0                Timer_Stop
 .text.Timer_Reset
                0x0000145c       0x56 ./MCAL/Timer/Timer_Driver.o
                0x0000145c                Timer_Reset
 .text.Timer_Get_FlagStatus
                0x000014b2       0x74 ./MCAL/Timer/Timer_Driver.o
                0x000014b2                Timer_Get_FlagStatus
 .text.DIO_INIT_Pin
                0x00001526      0x1e8 ./MCAL/DIO/DIO_driver.o
                0x00001526                DIO_INIT_Pin
 .text.DIO_INIT_PORT
                0x0000170e       0xba ./MCAL/DIO/DIO_driver.o
                0x0000170e                DIO_INIT_PORT
 .text.DIO_Write_pin
                0x000017c8      0x1e8 ./MCAL/DIO/DIO_driver.o
                0x000017c8                DIO_Write_pin
 .text.DIO_Read_Pin
                0x000019b0      0x1e0 ./MCAL/DIO/DIO_driver.o
                0x000019b0                DIO_Read_Pin
 .text.DIO_Write_Port
                0x00001b90       0x6a ./MCAL/DIO/DIO_driver.o
                0x00001b90                DIO_Write_Port
 .text.DIO_Read_Port
                0x00001bfa       0x7e ./MCAL/DIO/DIO_driver.o
                0x00001bfa                DIO_Read_Port
 .text.DIO_Activate_Pullup
                0x00001c78      0x10c ./MCAL/DIO/DIO_driver.o
                0x00001c78                DIO_Activate_Pullup
 .text.DIO_Diactivate_Pullup
                0x00001d84      0x114 ./MCAL/DIO/DIO_driver.o
                0x00001d84                DIO_Diactivate_Pullup
 .text.KeyPad_getPressedKey
                0x00001e98       0xba ./ECU_Interface/keypad/keypad.o
                0x00001e98                KeyPad_getPressedKey
 .text.KeyPad_4x3_adjustKeyNumber
                0x00001f52       0x66 ./ECU_Interface/keypad/keypad.o
 .text.LCD_init
                0x00001fb8      0x100 ./ECU_Interface/LCD/lcd.o
                0x00001fb8                LCD_init
 .text.LCD_sendCommand
                0x000020b8      0x164 ./ECU_Interface/LCD/lcd.o
                0x000020b8                LCD_sendCommand
 .text.LCD_displayCharacter
                0x0000221c      0x184 ./ECU_Interface/LCD/lcd.o
                0x0000221c                LCD_displayCharacter
 .text.LCD_displayString
                0x000023a0       0xaa ./ECU_Interface/LCD/lcd.o
                0x000023a0                LCD_displayString
 .text.LCD_clearScreen
                0x0000244a       0x14 ./ECU_Interface/LCD/lcd.o
                0x0000244a                LCD_clearScreen
 .text.LCD_goToRowColumn
                0x0000245e       0x84 ./ECU_Interface/LCD/lcd.o
                0x0000245e                LCD_goToRowColumn
 .text.LCD_displayStringRowColumn
                0x000024e2       0x76 ./ECU_Interface/LCD/lcd.o
                0x000024e2                LCD_displayStringRowColumn
 .text.LCD_intgerToString
                0x00002558       0x92 ./ECU_Interface/LCD/lcd.o
                0x00002558                LCD_intgerToString
 .text.libgcc   0x000025ea        0x0 c:/winavr-20100110/bin/../lib/gcc/avr/4.3.3/avr5\libgcc.a(_exit.o)
 .text.libgcc   0x000025ea        0x0 c:/winavr-20100110/bin/../lib/gcc/avr/4.3.3/avr5\libgcc.a(_copy_data.o)
 .text.libgcc   0x000025ea        0x0 c:/winavr-20100110/bin/../lib/gcc/avr/4.3.3/avr5\libgcc.a(_clear_bss.o)
 .text.avr-libc
                0x000025ea       0x42 c:/winavr-20100110/bin/../lib/gcc/avr/4.3.3/../../../../avr/lib/avr5\libc.a(itoa.o)
                0x000025ea                itoa
 .text.avr-libc
                0x0000262c       0x20 c:/winavr-20100110/bin/../lib/gcc/avr/4.3.3/../../../../avr/lib/avr5\libc.a(strrev.o)
                0x0000262c                strrev
 .text.libgcc   0x0000264c       0x28 c:/winavr-20100110/bin/../lib/gcc/avr/4.3.3/avr5\libgcc.a(_udivmodhi4.o)
                0x0000264c                __udivmodhi4
                0x00002674                . = ALIGN (0x2)
 *(.fini9)
 .fini9         0x00002674        0x0 c:/winavr-20100110/bin/../lib/gcc/avr/4.3.3/avr5\libgcc.a(_exit.o)
                0x00002674                exit
                0x00002674                _exit
 *(.fini9)
 *(.fini8)
 *(.fini8)
 *(.fini7)
 *(.fini7)
 *(.fini6)
 *(.fini6)
 *(.fini5)
 *(.fini5)
 *(.fini4)
 *(.fini4)
 *(.fini3)
 *(.fini3)
 *(.fini2)
 *(.fini2)
 *(.fini1)
 *(.fini1)
 *(.fini0)
 .fini0         0x00002674        0x4 c:/winavr-20100110/bin/../lib/gcc/avr/4.3.3/avr5\libgcc.a(_exit.o)
 *(.fini0)
                0x00002678                _etext = .

.data           0x00800060      0x1c2 load address 0x00002678
                0x00800060                PROVIDE (__data_start, .)
 *(.data)
 .data          0x00800060        0x0 c:/winavr-20100110/bin/../lib/gcc/avr/4.3.3/../../../../avr/lib/avr5/crtm32.o
 .data          0x00800060      0x1bc ./app/Game.o
 .data          0x0080021c        0x0 ./app/app.o
 .data          0x0080021c        0x0 ./SOS/SOS.o
 .data          0x0080021c        0x0 ./MCAL/Timer/Timer_Driver.o
 .data          0x0080021c        0x0 ./MCAL/DIO/DIO_driver.o
 .data          0x0080021c        0x0 ./ECU_Interface/keypad/keypad.o
 .data          0x0080021c        0x0 ./ECU_Interface/LCD/lcd.o
 .data          0x0080021c        0x0 c:/winavr-20100110/bin/../lib/gcc/avr/4.3.3/avr5\libgcc.a(_exit.o)
 .data          0x0080021c        0x0 c:/winavr-20100110/bin/../lib/gcc/avr/4.3.3/avr5\libgcc.a(_copy_data.o)
 .data          0x0080021c        0x0 c:/winavr-20100110/bin/../lib/gcc/avr/4.3.3/avr5\libgcc.a(_clear_bss.o)
 .data          0x0080021c        0x0 c:/winavr-20100110/bin/../lib/gcc/avr/4.3.3/../../../../avr/lib/avr5\libc.a(itoa.o)
 .data          0x0080021c        0x0 c:/winavr-20100110/bin/../lib/gcc/avr/4.3.3/../../../../avr/lib/avr5\libc.a(strrev.o)
 .data          0x0080021c        0x0 c:/winavr-20100110/bin/../lib/gcc/avr/4.3.3/avr5\libgcc.a(_udivmodhi4.o)
 *(.data*)
 .data.gu8_Init_Error
                0x0080021c        0x1 ./app/Game.o
 .data.gu8_key_2
                0x0080021d        0x5 ./app/Game.o
 *(.rodata)
 *(.rodata*)
 *(.gnu.linkonce.d*)
                0x00800222                . = ALIGN (0x2)
                0x00800222                _edata = .
                0x00800222                PROVIDE (__data_end, .)

.bss            0x00800222      0x10d
                0x00800222                PROVIDE (__bss_start, .)
 *(.bss)
 .bss           0x00800222        0x0 c:/winavr-20100110/bin/../lib/gcc/avr/4.3.3/../../../../avr/lib/avr5/crtm32.o
 .bss           0x00800222        0x0 ./app/Game.o
 .bss           0x00800222        0x0 ./app/app.o
 .bss           0x00800222        0x0 ./SOS/SOS.o
 .bss           0x00800222        0x0 ./MCAL/Timer/Timer_Driver.o
 .bss           0x00800222        0x0 ./MCAL/DIO/DIO_driver.o
 .bss           0x00800222        0x0 ./ECU_Interface/keypad/keypad.o
 .bss           0x00800222        0x0 ./ECU_Interface/LCD/lcd.o
 .bss           0x00800222        0x0 c:/winavr-20100110/bin/../lib/gcc/avr/4.3.3/avr5\libgcc.a(_exit.o)
 .bss           0x00800222        0x0 c:/winavr-20100110/bin/../lib/gcc/avr/4.3.3/avr5\libgcc.a(_copy_data.o)
 .bss           0x00800222        0x0 c:/winavr-20100110/bin/../lib/gcc/avr/4.3.3/avr5\libgcc.a(_clear_bss.o)
 .bss           0x00800222        0x0 c:/winavr-20100110/bin/../lib/gcc/avr/4.3.3/../../../../avr/lib/avr5\libc.a(itoa.o)
 .bss           0x00800222        0x0 c:/winavr-20100110/bin/../lib/gcc/avr/4.3.3/../../../../avr/lib/avr5\libc.a(strrev.o)
 .bss           0x00800222        0x0 c:/winavr-20100110/bin/../lib/gcc/avr/4.3.3/avr5\libgcc.a(_udivmodhi4.o)
 *(.bss*)
 .bss.gu8_score
                0x00800222        0x1 ./app/Game.o
 .bss.gu8_Game_Task
                0x00800223        0x1 ./app/Game.o
 .bss.gu8_display_1
                0x00800224        0x1 ./app/Game.o
 .bss.gu8_display_2
                0x00800225        0x1 ./app/Game.o
 .bss.gu8_display_3
                0x00800226        0x1 ./app/Game.o
 .bss.gu8_display_4
                0x00800227        0x1 ./app/Game.o
 .bss.gu8_display_5
                0x00800228        0x1 ./app/Game.o
 .bss.gu8_display_6
                0x00800229        0x1 ./app/Game.o
 .bss.gu8_display_7
                0x0080022a        0x1 ./app/Game.o
 .bss.gu8_display_8
                0x0080022b        0x1 ./app/Game.o
 .bss.gu8_option_1
                0x0080022c        0x1 ./app/Game.o
 .bss.gu8_option_2
                0x0080022d        0x1 ./app/Game.o
 .bss.gu8_option_3
                0x0080022e        0x1 ./app/Game.o
 .bss.gu8_option_4
                0x0080022f        0x1 ./app/Game.o
 .bss.gu8_option_5
                0x00800230        0x1 ./app/Game.o
 .bss.gu8_option_6
                0x00800231        0x1 ./app/Game.o
 .bss.gu8_option_7
                0x00800232        0x1 ./app/Game.o
 .bss.gu8_option_8
                0x00800233        0x1 ./app/Game.o
 .bss.gu8_clearq1
                0x00800234        0x1 ./app/Game.o
 .bss.gu8_clearq2
                0x00800235        0x1 ./app/Game.o
 .bss.gu8_clearq3
                0x00800236        0x1 ./app/Game.o
 .bss.gu8_clearq4
                0x00800237        0x1 ./app/Game.o
 .bss.gu8_clearq5
                0x00800238        0x1 ./app/Game.o
 .bss.gu8_clearq6
                0x00800239        0x1 ./app/Game.o
 .bss.gu8_clearq7
                0x0080023a        0x1 ./app/Game.o
 .bss.gu8_clearq8
                0x0080023b        0x1 ./app/Game.o
 .bss.gu8_final
                0x0080023c        0x1 ./app/Game.o
 .bss.gu8_key   0x0080023d        0x5 ./app/Game.o
 .bss.gu8_SOS_resolution
                0x00800242        0x1 ./SOS/SOS.o
 .bss.gu8_Init_Flag
                0x00800243        0x1 ./SOS/SOS.o
 .bss.gu8_TMU_BUFFER_NUMBER
                0x00800244        0x1 ./SOS/SOS.o
 .bss.gu8_SOS_Status
                0x00800245        0x1 ./SOS/SOS.o
 .bss.gu8_ISR_Flag
                0x00800246        0x4 ./SOS/SOS.o
 .bss.gstr_Confg_Timer
                0x0080024a        0x4 ./SOS/SOS.o
 .bss.gastr_SOSBuffer
                0x0080024e       0xc3 ./SOS/SOS.o
 .bss.Prescaler_Timer
                0x00800311        0x3 ./MCAL/Timer/Timer_Driver.o
 .bss.Mode_Timer
                0x00800314        0x3 ./MCAL/Timer/Timer_Driver.o
 .bss.gu8_INIT_Cases
                0x00800317        0x1 ./ECU_Interface/LCD/lcd.o
 .bss.gu8_INIT_flag
                0x00800318        0x1 ./ECU_Interface/LCD/lcd.o
 .bss.gu8_Send_Command_Cases
                0x00800319        0x1 ./ECU_Interface/LCD/lcd.o
 .bss.gu8_display_char_case
                0x0080031a        0x1 ./ECU_Interface/LCD/lcd.o
 .bss.gu8_display_string_flag_arr
                0x0080031b        0x1 ./ECU_Interface/LCD/lcd.o
 .bss.gu8_display_string_flag
                0x0080031c        0x1 ./ECU_Interface/LCD/lcd.o
 .bss.gu8_display_row_col
                0x0080031d        0x1 ./ECU_Interface/LCD/lcd.o
 .bss.gu8_int_flag
                0x0080031e        0x1 ./ECU_Interface/LCD/lcd.o
 .bss.u8_buff   0x0080031f       0x10 ./ECU_Interface/LCD/lcd.o
 *(COMMON)
                0x0080032f                PROVIDE (__bss_end, .)
                0x00002678                __data_load_start = LOADADDR (.data)
                0x0000283a                __data_load_end = (__data_load_start + SIZEOF (.data))

.noinit         0x0080032f        0x0
                0x0080032f                PROVIDE (__noinit_start, .)
 *(.noinit*)
                0x0080032f                PROVIDE (__noinit_end, .)
                0x0080032f                _end = .
                0x0080032f                PROVIDE (__heap_start, .)

.eeprom         0x00810000        0x0
 *(.eeprom*)
                0x00810000                __eeprom_end = .

.fuse
 *(.fuse)
 *(.lfuse)
 *(.hfuse)
 *(.efuse)

.lock
 *(.lock*)

.signature
 *(.signature*)

.fram
 *(.fram*)

.stab           0x00000000     0x31ec
 *(.stab)
 .stab          0x00000000      0xcb4 ./app/Game.o
 .stab          0x00000cb4      0x18c ./app/app.o
                                0x3fc (size before relaxing)
 .stab          0x00000e40      0x7b0 ./SOS/SOS.o
                                0x9f0 (size before relaxing)
 .stab          0x000015f0      0x684 ./MCAL/Timer/Timer_Driver.o
                                0x8ac (size before relaxing)
 .stab          0x00001c74      0x9e4 ./MCAL/DIO/DIO_driver.o
                                0xa80 (size before relaxing)
 .stab          0x00002658      0x240 ./ECU_Interface/keypad/keypad.o
                                0x2dc (size before relaxing)
 .stab          0x00002898      0x954 ./ECU_Interface/LCD/lcd.o
                                0x9f0 (size before relaxing)

.stabstr        0x00000000     0x15ec
 *(.stabstr)
 .stabstr       0x00000000     0x15ec ./app/Game.o

.stab.excl
 *(.stab.excl)

.stab.exclstr
 *(.stab.exclstr)

.stab.index
 *(.stab.index)

.stab.indexstr
 *(.stab.indexstr)

.comment
 *(.comment)

.debug
 *(.debug)

.line
 *(.line)

.debug_srcinfo
 *(.debug_srcinfo)

.debug_sfnames
 *(.debug_sfnames)

.debug_aranges
 *(.debug_aranges)

.debug_pubnames
 *(.debug_pubnames)

.debug_info
 *(.debug_info)
 *(.gnu.linkonce.wi.*)

.debug_abbrev
 *(.debug_abbrev)

.debug_line
 *(.debug_line)

.debug_frame
 *(.debug_frame)

.debug_str
 *(.debug_str)

.debug_loc
 *(.debug_loc)

.debug_macinfo
 *(.debug_macinfo)
OUTPUT(Infotainment_System.elf elf32-avr)
LOAD linker stubs
